#-----------------------------------------------------------
# Vivado v2024.1 (64-bit)
# SW Build 5076996 on Wed May 22 18:37:14 MDT 2024
# IP Build 5075265 on Wed May 22 21:45:21 MDT 2024
# SharedData Build 5076995 on Wed May 22 18:29:18 MDT 2024
# Start of session at: Sat Nov 22 15:17:43 2025
# Process ID: 8040
# Current directory: C:/Users/User/Desktop/accelerated_binarizing/project_1/project_1.runs/design_1_axi_dma_0_0_synth_1
# Command line: vivado.exe -log design_1_axi_dma_0_0.vds -product Vivado -mode batch -messageDb vivado.pb -notrace -source design_1_axi_dma_0_0.tcl
# Log file: C:/Users/User/Desktop/accelerated_binarizing/project_1/project_1.runs/design_1_axi_dma_0_0_synth_1/design_1_axi_dma_0_0.vds
# Journal file: C:/Users/User/Desktop/accelerated_binarizing/project_1/project_1.runs/design_1_axi_dma_0_0_synth_1\vivado.jou
# Running On        :DESKTOP-KRV60I6
# Platform          :Windows Server 2016 or Windows 10
# Operating System  :26200
# Processor Detail  :12th Gen Intel(R) Core(TM) i5-12450H
# CPU Frequency     :2496 MHz
# CPU Physical cores:8
# CPU Logical cores :12
# Host memory       :16891 MB
# Swap memory       :4563 MB
# Total Virtual     :21455 MB
# Available Virtual :3300 MB
#-----------------------------------------------------------
source design_1_axi_dma_0_0.tcl -notrace
